../Core/Inc/sx1272/sx1272.c:219:6:SX1272Init	24	static
../Core/Inc/sx1272/sx1272.c:245:14:SX1272GetStatus	4	static
../Core/Inc/sx1272/sx1272.c:250:6:SX1272SetChannel	16	static
../Core/Inc/sx1272/sx1272.c:259:6:SX1272IsChannelFree	32	static
../Core/Inc/sx1272/sx1272.c:290:10:SX1272Random	16	static
../Core/Inc/sx1272/sx1272.c:332:16:GetFskBandwidthRegValue	24	static
../Core/Inc/sx1272/sx1272.c:347:6:SX1272SetRxConfig	32	static
../Core/Inc/sx1272/sx1272.c:490:6:SX1272SetTxConfig	24	static
../Core/Inc/sx1272/sx1272.c:615:10:SX1272GetTimeOnAir	96	static
../Core/Inc/sx1272/sx1272.c:672:6:SX1272Send	24	static
../Core/Inc/sx1272/sx1272.c:746:6:SX1272SetSleep	8	static
../Core/Inc/sx1272/sx1272.c:759:6:SX1272SetStby	8	static
../Core/Inc/sx1272/sx1272.c:768:6:SX1272SetRx	24	static
../Core/Inc/sx1272/sx1272.c:885:6:SX1272SetTx	16	static
../Core/Inc/sx1272/sx1272.c:950:6:SX1272SetTxContinuousWave	64	static
../Core/Inc/sx1272/sx1272.c:970:9:SX1272ReadRssi	24	static
../Core/Inc/sx1272/sx1272.c:989:6:SX1272SetOpMode	16	static
../Core/Inc/sx1272/sx1272.c:1004:6:SX1272SetModem	16	static
../Core/Inc/sx1272/sx1272.c:1041:6:SX1272Write	16	static
../Core/Inc/sx1272/sx1272.c:1046:9:SX1272Read	24	static
../Core/Inc/sx1272/sx1272.c:1053:6:SX1272WriteBuffer	24	static
../Core/Inc/sx1272/sx1272.c:1065:6:SX1272ReadBuffer	24	static
../Core/Inc/sx1272/sx1272.c:1077:6:SX1272WriteFifo	16	static
../Core/Inc/sx1272/sx1272.c:1082:6:SX1272ReadFifo	16	static
../Core/Inc/sx1272/sx1272.c:1087:6:SX1272SetMaxPayloadLength	16	static
../Core/Inc/sx1272/sx1272.c:1105:6:SX1272SetPublicNetwork	16	static
../Core/Inc/sx1272/sx1272.c:1121:10:SX1272GetWakeupTime	8	static
../Core/Inc/sx1272/sx1272.c:1126:6:SX1272OnTimeoutIrq	24	static
../Core/Inc/sx1272/sx1272.c:1198:6:SX1272OnDio0Irq	32	static
../Core/Inc/sx1272/sx1272.c:1291:6:SX1272OnDio1Irq	16	static
../Core/Inc/sx1272/sx1272.c:1313:6:HAL_GPIO_EXTI_Callback	16	static
