../Core/Inc/sx1272/sx1272.c:221:6:SX1272Init	24	static
../Core/Inc/sx1272/sx1272.c:247:14:SX1272GetStatus	4	static
../Core/Inc/sx1272/sx1272.c:252:6:SX1272SetChannel	16	static
../Core/Inc/sx1272/sx1272.c:261:6:SX1272IsChannelFree	32	static
../Core/Inc/sx1272/sx1272.c:292:10:SX1272Random	16	static
../Core/Inc/sx1272/sx1272.c:334:16:GetFskBandwidthRegValue	24	static
../Core/Inc/sx1272/sx1272.c:349:6:SX1272SetRxConfig	32	static
../Core/Inc/sx1272/sx1272.c:492:6:SX1272SetTxConfig	24	static
../Core/Inc/sx1272/sx1272.c:617:10:SX1272GetTimeOnAir	96	static
../Core/Inc/sx1272/sx1272.c:674:6:SX1272Send	24	static
../Core/Inc/sx1272/sx1272.c:748:6:SX1272SetSleep	8	static
../Core/Inc/sx1272/sx1272.c:761:6:SX1272SetStby	8	static
../Core/Inc/sx1272/sx1272.c:770:6:SX1272SetRx	24	static
../Core/Inc/sx1272/sx1272.c:887:6:SX1272SetTx	16	static
../Core/Inc/sx1272/sx1272.c:952:6:SX1272SetTxContinuousWave	64	static
../Core/Inc/sx1272/sx1272.c:972:9:SX1272ReadRssi	24	static
../Core/Inc/sx1272/sx1272.c:991:6:SX1272SetOpMode	16	static
../Core/Inc/sx1272/sx1272.c:1006:6:SX1272SetModem	16	static
../Core/Inc/sx1272/sx1272.c:1043:6:SX1272Write	16	static
../Core/Inc/sx1272/sx1272.c:1048:9:SX1272Read	24	static
../Core/Inc/sx1272/sx1272.c:1055:6:SX1272WriteBuffer	24	static
../Core/Inc/sx1272/sx1272.c:1067:6:SX1272ReadBuffer	24	static
../Core/Inc/sx1272/sx1272.c:1079:6:SX1272WriteFifo	16	static
../Core/Inc/sx1272/sx1272.c:1084:6:SX1272ReadFifo	16	static
../Core/Inc/sx1272/sx1272.c:1089:6:SX1272SetMaxPayloadLength	16	static
../Core/Inc/sx1272/sx1272.c:1107:6:SX1272SetPublicNetwork	16	static
../Core/Inc/sx1272/sx1272.c:1123:10:SX1272GetWakeupTime	8	static
../Core/Inc/sx1272/sx1272.c:1128:6:SX1272OnTimeoutIrq	24	static
../Core/Inc/sx1272/sx1272.c:1200:6:SX1272OnDio0Irq	32	static
../Core/Inc/sx1272/sx1272.c:1293:6:SX1272OnDio1Irq	16	static
../Core/Inc/sx1272/sx1272.c:1315:6:HAL_GPIO_EXTI_Callback	16	static
