../Core/Src/main.c:181:5:main	56	static
../Core/Src/main.c:275:6:SystemClock_Config	88	static
../Core/Src/main.c:322:13:MX_SPI1_Init	8	static
../Core/Src/main.c:360:13:MX_TIM2_Init	32	static
../Core/Src/main.c:405:13:MX_USART2_UART_Init	8	static
../Core/Src/main.c:438:13:MX_GPIO_Init	48	static
../Core/Src/main.c:548:6:set_coils	16	static
../Core/Src/main.c:577:6:step_delay_ms	16	static
../Core/Src/main.c:581:6:step_steps	48	static
../Core/Src/main.c:596:6:OnTxDone	8	static
../Core/Src/main.c:604:6:OnRxDone	56	static
../Core/Src/main.c:646:6:OnTxTimeout	8	static
../Core/Src/main.c:653:6:OnRxTimeout	8	static
../Core/Src/main.c:660:6:OnRxError	8	static
../Core/Src/main.c:667:5:__io_putchar	16	static
../Core/Src/main.c:687:6:Error_Handler	4	static,ignoring_inline_asm
