../Core/Src/main.c:211:5:_write	1
../Core/Src/main.c:216:6:WaitForLoRaOK_Blocking	10
../Core/Src/main.c:259:10:PrepareTxPacket	1
../Core/Src/main.c:273:6:SetMotorPins	1
../Core/Src/main.c:280:6:MoveMotorSteps	3
../Core/Src/main.c:297:6:LavenderMove	3
../Core/Src/main.c:319:6:CedarwoodMove	3
../Core/Src/main.c:337:6:VanillaMove	3
../Core/Src/main.c:354:6:BergamotMove	3
../Core/Src/main.c:372:6:step_steps	1
../Core/Src/main.c:377:6:ResetMotor	2
../Core/Src/main.c:386:6:MoveToAngle	3
../Core/Src/main.c:399:6:FlushUARTBuffer	4
../Core/Src/main.c:411:6:LCD_EnableTouchKeys	2
../Core/Src/main.c:420:6:LCD_Clear	2
../Core/Src/main.c:428:6:LCD_DrawString	4
../Core/Src/main.c:443:9:LCD_SendTouchRequest	11
../Core/Src/main.c:470:16:DecodeMoodFromTouch	9
../Core/Src/main.c:483:6:Draw_Screen_Start	1
../Core/Src/main.c:489:6:Draw_Screen_MoodSelect	1
../Core/Src/main.c:496:6:Draw_Screen_Confirm	1
../Core/Src/main.c:504:6:Draw_Screen_Blending	1
../Core/Src/main.c:509:6:Draw_Screen_Finish	1
../Core/Src/main.c:517:6:ProcessTouch	13
../Core/Src/main.c:563:5:main	19
../Core/Src/main.c:696:6:OnTxDone	1
../Core/Src/main.c:702:6:OnRxDone	4
../Core/Src/main.c:726:6:OnTxTimeout	1
../Core/Src/main.c:727:6:OnRxTimeout	1
../Core/Src/main.c:728:6:OnRxError	1
../Core/Src/main.c:732:6:SystemClock_Config	1
../Core/Src/main.c:758:13:MX_SPI1_Init	1
../Core/Src/main.c:774:13:MX_TIM2_Init	1
../Core/Src/main.c:791:13:MX_USART2_UART_Init	1
../Core/Src/main.c:803:13:MX_USART3_UART_Init	1
../Core/Src/main.c:815:13:MX_GPIO_Init	1
../Core/Src/main.c:879:6:Error_Handler	1
