../Core/Src/main.c:211:5:_write	24	static
../Core/Src/main.c:216:6:WaitForLoRaOK_Blocking	8	static
../Core/Src/main.c:259:10:PrepareTxPacket	24	static
../Core/Src/main.c:273:6:SetMotorPins	24	static
../Core/Src/main.c:280:6:MoveMotorSteps	32	static
../Core/Src/main.c:297:6:LavenderMove	32	static
../Core/Src/main.c:319:6:CedarwoodMove	32	static
../Core/Src/main.c:337:6:VanillaMove	32	static
../Core/Src/main.c:354:6:BergamotMove	32	static
../Core/Src/main.c:372:6:step_steps	24	static
../Core/Src/main.c:377:6:ResetMotor	8	static
../Core/Src/main.c:386:6:MoveToAngle	24	static
../Core/Src/main.c:399:6:FlushUARTBuffer	16	static
../Core/Src/main.c:411:6:LCD_EnableTouchKeys	24	static
../Core/Src/main.c:420:6:LCD_Clear	24	static
../Core/Src/main.c:428:6:LCD_DrawString	64	static
../Core/Src/main.c:443:9:LCD_SendTouchRequest	88	static
../Core/Src/main.c:470:16:DecodeMoodFromTouch	16	static
../Core/Src/main.c:483:6:Draw_Screen_Start	8	static
../Core/Src/main.c:489:6:Draw_Screen_MoodSelect	8	static
../Core/Src/main.c:496:6:Draw_Screen_Confirm	40	static
../Core/Src/main.c:504:6:Draw_Screen_Blending	8	static
../Core/Src/main.c:509:6:Draw_Screen_Finish	8	static
../Core/Src/main.c:517:6:ProcessTouch	32	static
../Core/Src/main.c:563:5:main	64	static
../Core/Src/main.c:696:6:OnTxDone	8	static
../Core/Src/main.c:702:6:OnRxDone	24	static
../Core/Src/main.c:726:6:OnTxTimeout	8	static
../Core/Src/main.c:727:6:OnRxTimeout	8	static
../Core/Src/main.c:728:6:OnRxError	8	static
../Core/Src/main.c:732:6:SystemClock_Config	88	static
../Core/Src/main.c:758:13:MX_SPI1_Init	8	static
../Core/Src/main.c:774:13:MX_TIM2_Init	32	static
../Core/Src/main.c:791:13:MX_USART2_UART_Init	8	static
../Core/Src/main.c:803:13:MX_USART3_UART_Init	8	static
../Core/Src/main.c:815:13:MX_GPIO_Init	48	static
../Core/Src/main.c:879:6:Error_Handler	4	static,ignoring_inline_asm
